// Jest Snapshot v1, https://goo.gl/fbAQLP

exports[`<ButtonGroup /> should render successfully 1`] = `
<div
  className="rdrDateRangePickerWrapper PreviewArea"
>
  <div
    className="rdrDefinedRangesWrapper"
  >
    <div
      className="rdrStaticRanges"
    >
      <button
        className="rdrStaticRange rdrStaticRangeSelected"
        key="0"
        onClick={[Function]}
        onFocus={[Function]}
        onMouseLeave={[Function]}
        onMouseOver={[Function]}
        style={
          Object {
            "color": "#3d91ff",
          }
        }
        type="button"
      >
        <span
          className="rdrStaticRangeLabel"
          tabIndex={-1}
        >
          Today
        </span>
      </button>
      <button
        className="rdrStaticRange"
        key="1"
        onClick={[Function]}
        onFocus={[Function]}
        onMouseLeave={[Function]}
        onMouseOver={[Function]}
        style={
          Object {
            "color": null,
          }
        }
        type="button"
      >
        <span
          className="rdrStaticRangeLabel"
          tabIndex={-1}
        >
          Yesterday
        </span>
      </button>
      <button
        className="rdrStaticRange"
        key="2"
        onClick={[Function]}
        onFocus={[Function]}
        onMouseLeave={[Function]}
        onMouseOver={[Function]}
        style={
          Object {
            "color": null,
          }
        }
        type="button"
      >
        <span
          className="rdrStaticRangeLabel"
          tabIndex={-1}
        >
          This Week
        </span>
      </button>
      <button
        className="rdrStaticRange"
        key="3"
        onClick={[Function]}
        onFocus={[Function]}
        onMouseLeave={[Function]}
        onMouseOver={[Function]}
        style={
          Object {
            "color": null,
          }
        }
        type="button"
      >
        <span
          className="rdrStaticRangeLabel"
          tabIndex={-1}
        >
          Last Week
        </span>
      </button>
      <button
        className="rdrStaticRange"
        key="4"
        onClick={[Function]}
        onFocus={[Function]}
        onMouseLeave={[Function]}
        onMouseOver={[Function]}
        style={
          Object {
            "color": null,
          }
        }
        type="button"
      >
        <span
          className="rdrStaticRangeLabel"
          tabIndex={-1}
        >
          This Month
        </span>
      </button>
      <button
        className="rdrStaticRange"
        key="5"
        onClick={[Function]}
        onFocus={[Function]}
        onMouseLeave={[Function]}
        onMouseOver={[Function]}
        style={
          Object {
            "color": null,
          }
        }
        type="button"
      >
        <span
          className="rdrStaticRangeLabel"
          tabIndex={-1}
        >
          Last Month
        </span>
      </button>
    </div>
    <div
      className="rdrInputRanges"
    >
      <div
        className="rdrInputRange"
        key="0"
      >
        <input
          className="rdrInputRangeInput"
          max={99999}
          min={0}
          onBlur={[Function]}
          onChange={[Function]}
          onFocus={[Function]}
          value={1}
        />
        <span>
          days up to today
        </span>
      </div>
      <div
        className="rdrInputRange"
        key="1"
      >
        <input
          className="rdrInputRangeInput"
          max={99999}
          min={0}
          onBlur={[Function]}
          onChange={[Function]}
          onFocus={[Function]}
          value={1}
        />
        <span>
          days starting today
        </span>
      </div>
    </div>
  </div>
  <div
    className="rdrCalendarWrapper rdrDateRangeWrapper"
    onMouseLeave={[Function]}
    onMouseUp={[Function]}
  >
    <div
      className="rdrDateDisplayWrapper"
    >
      <div
        className="rdrDateDisplay"
        key="0"
        style={
          Object {
            "color": "#3d91ff",
          }
        }
      >
        <span
          className="rdrDateDisplayItem rdrDateDisplayItemActive"
          onFocus={[Function]}
        >
          <input
            readOnly={true}
            value="Dec 21, 2018"
          />
        </span>
        <span
          className="rdrDateDisplayItem"
          onFocus={[Function]}
        >
          <input
            readOnly={true}
            value="Dec 21, 2018"
          />
        </span>
      </div>
    </div>
    <div
      className="rdrMonthAndYearWrapper"
      onMouseUp={[Function]}
    >
      <button
        className="rdrNextPrevButton rdrPprevButton"
        onClick={[Function]}
        type="button"
      >
        <i />
      </button>
      <span
        className="rdrMonthAndYearPickers"
      >
        <span
          className="rdrMonthPicker"
        >
          <select
            onChange={[Function]}
            value={11}
          >
            <option
              key="0"
              value={0}
            >
              January
            </option>
            <option
              key="1"
              value={1}
            >
              February
            </option>
            <option
              key="2"
              value={2}
            >
              March
            </option>
            <option
              key="3"
              value={3}
            >
              April
            </option>
            <option
              key="4"
              value={4}
            >
              May
            </option>
            <option
              key="5"
              value={5}
            >
              June
            </option>
            <option
              key="6"
              value={6}
            >
              July
            </option>
            <option
              key="7"
              value={7}
            >
              August
            </option>
            <option
              key="8"
              value={8}
            >
              September
            </option>
            <option
              key="9"
              value={9}
            >
              October
            </option>
            <option
              key="10"
              value={10}
            >
              November
            </option>
            <option
              key="11"
              value={11}
            >
              December
            </option>
          </select>
        </span>
        <span />
        <span
          className="rdrYearPicker"
        >
          <select
            onChange={[Function]}
            value={2018}
          >
            <option
              key="2021"
              value={2021}
            >
              2021
            </option>
            <option
              key="2020"
              value={2020}
            >
              2020
            </option>
            <option
              key="2019"
              value={2019}
            >
              2019
            </option>
            <option
              key="2018"
              value={2018}
            >
              2018
            </option>
          </select>
        </span>
      </span>
      <button
        className="rdrNextPrevButton rdrNextButton"
        onClick={[Function]}
        type="button"
      >
        <i />
      </button>
    </div>
    <div>
      <div
        className="rdrInfiniteMonths rdrMonthsHorizontal"
        onMouseLeave={[Function]}
        onScroll={[Function]}
        style={
          Object {
            "height": 311,
            "width": 675,
          }
        }
      >
        <div
          style={
            Object {
              "position": "relative",
            }
          }
        >
          <div
            style={
              Object {
                "WebkitTransform": "translate(0px, 0px)",
                "msTransform": "translate(0px, 0px)",
                "transform": "translate(0px, 0px)",
              }
            }
          >
            <div>
              <div
                className="rdrMonth"
                style={
                  Object {
                    "height": 300,
                    "width": 332,
                  }
                }
              >
                <div
                  className="rdrMonthName"
                >
                  Jun 2021
                </div>
                <div
                  className="rdrWeekDays"
                >
                  <span
                    className="rdrWeekDay"
                    key="0"
                  >
                    Sun
                  </span>
                  <span
                    className="rdrWeekDay"
                    key="1"
                  >
                    Mon
                  </span>
                  <span
                    className="rdrWeekDay"
                    key="2"
                  >
                    Tue
                  </span>
                  <span
                    className="rdrWeekDay"
                    key="3"
                  >
                    Wed
                  </span>
                  <span
                    className="rdrWeekDay"
                    key="4"
                  >
                    Thu
                  </span>
                  <span
                    className="rdrWeekDay"
                    key="5"
                  >
                    Fri
                  </span>
                  <span
                    className="rdrWeekDay"
                    key="6"
                  >
                    Sat
                  </span>
                </div>
                <div
                  className="rdrDays"
                  onMouseLeave={[Function]}
                >
                  <button
                    className="rdrDay rdrDayPassive rdrDayWeekend rdrDayStartOfWeek"
                    onBlur={[Function]}
                    onFocus={[Function]}
                    onKeyDown={[Function]}
                    onKeyUp={[Function]}
                    onMouseDown={[Function]}
                    onMouseEnter={[Function]}
                    onMouseLeave={[Function]}
                    onMouseUp={[Function]}
                    onPauseCapture={[Function]}
                    style={
                      Object {
                        "color": "#3d91ff",
                      }
                    }
                    tabIndex={-1}
                    type="button"
                  >
                    <span
                      className="rdrDayNumber"
                    >
                      <span>
                        30
                      </span>
                    </span>
                  </button>
                  <button
                    className="rdrDay rdrDayPassive"
                    onBlur={[Function]}
                    onFocus={[Function]}
                    onKeyDown={[Function]}
                    onKeyUp={[Function]}
                    onMouseDown={[Function]}
                    onMouseEnter={[Function]}
                    onMouseLeave={[Function]}
                    onMouseUp={[Function]}
                    onPauseCapture={[Function]}
                    style={
                      Object {
                        "color": "#3d91ff",
                      }
                    }
                    tabIndex={-1}
                    type="button"
                  >
                    <span
                      className="rdrDayNumber"
                    >
                      <span>
                        31
                      </span>
                    </span>
                  </button>
                  <button
                    className="rdrDay rdrDayStartOfMonth"
                    onBlur={[Function]}
                    onFocus={[Function]}
                    onKeyDown={[Function]}
                    onKeyUp={[Function]}
                    onMouseDown={[Function]}
                    onMouseEnter={[Function]}
                    onMouseLeave={[Function]}
                    onMouseUp={[Function]}
                    onPauseCapture={[Function]}
                    style={
                      Object {
                        "color": "#3d91ff",
                      }
                    }
                    type="button"
                  >
                    <span
                      className="rdrDayNumber"
                    >
                      <span>
                        1
                      </span>
                    </span>
                  </button>
                  <button
                    className="rdrDay"
                    onBlur={[Function]}
                    onFocus={[Function]}
                    onKeyDown={[Function]}
                    onKeyUp={[Function]}
                    onMouseDown={[Function]}
                    onMouseEnter={[Function]}
                    onMouseLeave={[Function]}
                    onMouseUp={[Function]}
                    onPauseCapture={[Function]}
                    style={
                      Object {
                        "color": "#3d91ff",
                      }
                    }
                    type="button"
                  >
                    <span
                      className="rdrDayNumber"
                    >
                      <span>
                        2
                      </span>
                    </span>
                  </button>
                  <button
                    className="rdrDay"
                    onBlur={[Function]}
                    onFocus={[Function]}
                    onKeyDown={[Function]}
                    onKeyUp={[Function]}
                    onMouseDown={[Function]}
                    onMouseEnter={[Function]}
                    onMouseLeave={[Function]}
                    onMouseUp={[Function]}
                    onPauseCapture={[Function]}
                    style={
                      Object {
                        "color": "#3d91ff",
                      }
                    }
                    type="button"
                  >
                    <span
                      className="rdrDayNumber"
                    >
                      <span>
                        3
                      </span>
                    </span>
                  </button>
                  <button
                    className="rdrDay"
                    onBlur={[Function]}
                    onFocus={[Function]}
                    onKeyDown={[Function]}
                    onKeyUp={[Function]}
                    onMouseDown={[Function]}
                    onMouseEnter={[Function]}
                    onMouseLeave={[Function]}
                    onMouseUp={[Function]}
                    onPauseCapture={[Function]}
                    style={
                      Object {
                        "color": "#3d91ff",
                      }
                    }
                    type="button"
                  >
                    <span
                      className="rdrDayNumber"
                    >
                      <span>
                        4
                      </span>
                    </span>
                  </button>
                  <button
                    className="rdrDay rdrDayWeekend rdrDayEndOfWeek"
                    onBlur={[Function]}
                    onFocus={[Function]}
                    onKeyDown={[Function]}
                    onKeyUp={[Function]}
                    onMouseDown={[Function]}
                    onMouseEnter={[Function]}
                    onMouseLeave={[Function]}
                    onMouseUp={[Function]}
                    onPauseCapture={[Function]}
                    style={
                      Object {
                        "color": "#3d91ff",
                      }
                    }
                    type="button"
                  >
                    <span
                      className="rdrDayNumber"
                    >
                      <span>
                        5
                      </span>
                    </span>
                  </button>
                  <button
                    className="rdrDay rdrDayWeekend rdrDayStartOfWeek"
                    onBlur={[Function]}
                    onFocus={[Function]}
                    onKeyDown={[Function]}
                    onKeyUp={[Function]}
                    onMouseDown={[Function]}
                    onMouseEnter={[Function]}
                    onMouseLeave={[Function]}
                    onMouseUp={[Function]}
                    onPauseCapture={[Function]}
                    style={
                      Object {
                        "color": "#3d91ff",
                      }
                    }
                    type="button"
                  >
                    <span
                      className="rdrDayNumber"
                    >
                      <span>
                        6
                      </span>
                    </span>
                  </button>
                  <button
                    className="rdrDay"
                    onBlur={[Function]}
                    onFocus={[Function]}
                    onKeyDown={[Function]}
                    onKeyUp={[Function]}
                    onMouseDown={[Function]}
                    onMouseEnter={[Function]}
                    onMouseLeave={[Function]}
                    onMouseUp={[Function]}
                    onPauseCapture={[Function]}
                    style={
                      Object {
                        "color": "#3d91ff",
                      }
                    }
                    type="button"
                  >
                    <span
                      className="rdrDayNumber"
                    >
                      <span>
                        7
                      </span>
                    </span>
                  </button>
                  <button
                    className="rdrDay"
                    onBlur={[Function]}
                    onFocus={[Function]}
                    onKeyDown={[Function]}
                    onKeyUp={[Function]}
                    onMouseDown={[Function]}
                    onMouseEnter={[Function]}
                    onMouseLeave={[Function]}
                    onMouseUp={[Function]}
                    onPauseCapture={[Function]}
                    style={
                      Object {
                        "color": "#3d91ff",
                      }
                    }
                    type="button"
                  >
                    <span
                      className="rdrDayNumber"
                    >
                      <span>
                        8
                      </span>
                    </span>
                  </button>
                  <button
                    className="rdrDay rdrDayDisabled"
                    onBlur={[Function]}
                    onFocus={[Function]}
                    onKeyDown={[Function]}
                    onKeyUp={[Function]}
                    onMouseDown={[Function]}
                    onMouseEnter={[Function]}
                    onMouseLeave={[Function]}
                    onMouseUp={[Function]}
                    onPauseCapture={[Function]}
                    style={
                      Object {
                        "color": "#3d91ff",
                      }
                    }
                    tabIndex={-1}
                    type="button"
                  >
                    <span
                      className="rdrDayNumber"
                    >
                      <span>
                        9
                      </span>
                    </span>
                  </button>
                  <button
                    className="rdrDay rdrDayDisabled"
                    onBlur={[Function]}
                    onFocus={[Function]}
                    onKeyDown={[Function]}
                    onKeyUp={[Function]}
                    onMouseDown={[Function]}
                    onMouseEnter={[Function]}
                    onMouseLeave={[Function]}
                    onMouseUp={[Function]}
                    onPauseCapture={[Function]}
                    style={
                      Object {
                        "color": "#3d91ff",
                      }
                    }
                    tabIndex={-1}
                    type="button"
                  >
                    <span
                      className="rdrDayNumber"
                    >
                      <span>
                        10
                      </span>
                    </span>
                  </button>
                  <button
                    className="rdrDay rdrDayDisabled"
                    onBlur={[Function]}
                    onFocus={[Function]}
                    onKeyDown={[Function]}
                    onKeyUp={[Function]}
                    onMouseDown={[Function]}
                    onMouseEnter={[Function]}
                    onMouseLeave={[Function]}
                    onMouseUp={[Function]}
                    onPauseCapture={[Function]}
                    style={
                      Object {
                        "color": "#3d91ff",
                      }
                    }
                    tabIndex={-1}
                    type="button"
                  >
                    <span
                      className="rdrDayNumber"
                    >
                      <span>
                        11
                      </span>
                    </span>
                  </button>
                  <button
                    className="rdrDay rdrDayDisabled rdrDayWeekend rdrDayEndOfWeek"
                    onBlur={[Function]}
                    onFocus={[Function]}
                    onKeyDown={[Function]}
                    onKeyUp={[Function]}
                    onMouseDown={[Function]}
                    onMouseEnter={[Function]}
                    onMouseLeave={[Function]}
                    onMouseUp={[Function]}
                    onPauseCapture={[Function]}
                    style={
                      Object {
                        "color": "#3d91ff",
                      }
                    }
                    tabIndex={-1}
                    type="button"
                  >
                    <span
                      className="rdrDayNumber"
                    >
                      <span>
                        12
                      </span>
                    </span>
                  </button>
                  <button
                    className="rdrDay rdrDayDisabled rdrDayWeekend rdrDayStartOfWeek"
                    onBlur={[Function]}
                    onFocus={[Function]}
                    onKeyDown={[Function]}
                    onKeyUp={[Function]}
                    onMouseDown={[Function]}
                    onMouseEnter={[Function]}
                    onMouseLeave={[Function]}
                    onMouseUp={[Function]}
                    onPauseCapture={[Function]}
                    style={
                      Object {
                        "color": "#3d91ff",
                      }
                    }
                    tabIndex={-1}
                    type="button"
                  >
                    <span
                      className="rdrDayNumber"
                    >
                      <span>
                        13
                      </span>
                    </span>
                  </button>
                  <button
                    className="rdrDay rdrDayDisabled"
                    onBlur={[Function]}
                    onFocus={[Function]}
                    onKeyDown={[Function]}
                    onKeyUp={[Function]}
                    onMouseDown={[Function]}
                    onMouseEnter={[Function]}
                    onMouseLeave={[Function]}
                    onMouseUp={[Function]}
                    onPauseCapture={[Function]}
                    style={
                      Object {
                        "color": "#3d91ff",
                      }
                    }
                    tabIndex={-1}
                    type="button"
                  >
                    <span
                      className="rdrDayNumber"
                    >
                      <span>
                        14
                      </span>
                    </span>
                  </button>
                  <button
                    className="rdrDay rdrDayDisabled"
                    onBlur={[Function]}
                    onFocus={[Function]}
                    onKeyDown={[Function]}
                    onKeyUp={[Function]}
                    onMouseDown={[Function]}
                    onMouseEnter={[Function]}
                    onMouseLeave={[Function]}
                    onMouseUp={[Function]}
                    onPauseCapture={[Function]}
                    style={
                      Object {
                        "color": "#3d91ff",
                      }
                    }
                    tabIndex={-1}
                    type="button"
                  >
                    <span
                      className="rdrDayNumber"
                    >
                      <span>
                        15
                      </span>
                    </span>
                  </button>
                  <button
                    className="rdrDay rdrDayDisabled"
                    onBlur={[Function]}
                    onFocus={[Function]}
                    onKeyDown={[Function]}
                    onKeyUp={[Function]}
                    onMouseDown={[Function]}
                    onMouseEnter={[Function]}
                    onMouseLeave={[Function]}
                    onMouseUp={[Function]}
                    onPauseCapture={[Function]}
                    style={
                      Object {
                        "color": "#3d91ff",
                      }
                    }
                    tabIndex={-1}
                    type="button"
                  >
                    <span
                      className="rdrDayNumber"
                    >
                      <span>
                        16
                      </span>
                    </span>
                  </button>
                  <button
                    className="rdrDay rdrDayDisabled"
                    onBlur={[Function]}
                    onFocus={[Function]}
                    onKeyDown={[Function]}
                    onKeyUp={[Function]}
                    onMouseDown={[Function]}
                    onMouseEnter={[Function]}
                    onMouseLeave={[Function]}
                    onMouseUp={[Function]}
                    onPauseCapture={[Function]}
                    style={
                      Object {
                        "color": "#3d91ff",
                      }
                    }
                    tabIndex={-1}
                    type="button"
                  >
                    <span
                      className="rdrDayNumber"
                    >
                      <span>
                        17
                      </span>
                    </span>
                  </button>
                  <button
                    className="rdrDay rdrDayDisabled"
                    onBlur={[Function]}
                    onFocus={[Function]}
                    onKeyDown={[Function]}
                    onKeyUp={[Function]}
                    onMouseDown={[Function]}
                    onMouseEnter={[Function]}
                    onMouseLeave={[Function]}
                    onMouseUp={[Function]}
                    onPauseCapture={[Function]}
                    style={
                      Object {
                        "color": "#3d91ff",
                      }
                    }
                    tabIndex={-1}
                    type="button"
                  >
                    <span
                      className="rdrDayNumber"
                    >
                      <span>
                        18
                      </span>
                    </span>
                  </button>
                  <button
                    className="rdrDay rdrDayDisabled rdrDayWeekend rdrDayEndOfWeek"
                    onBlur={[Function]}
                    onFocus={[Function]}
                    onKeyDown={[Function]}
                    onKeyUp={[Function]}
                    onMouseDown={[Function]}
                    onMouseEnter={[Function]}
                    onMouseLeave={[Function]}
                    onMouseUp={[Function]}
                    onPauseCapture={[Function]}
                    style={
                      Object {
                        "color": "#3d91ff",
                      }
                    }
                    tabIndex={-1}
                    type="button"
                  >
                    <span
                      className="rdrDayNumber"
                    >
                      <span>
                        19
                      </span>
                    </span>
                  </button>
                  <button
                    className="rdrDay rdrDayDisabled rdrDayWeekend rdrDayStartOfWeek"
                    onBlur={[Function]}
                    onFocus={[Function]}
                    onKeyDown={[Function]}
                    onKeyUp={[Function]}
                    onMouseDown={[Function]}
                    onMouseEnter={[Function]}
                    onMouseLeave={[Function]}
                    onMouseUp={[Function]}
                    onPauseCapture={[Function]}
                    style={
                      Object {
                        "color": "#3d91ff",
                      }
                    }
                    tabIndex={-1}
                    type="button"
                  >
                    <span
                      className="rdrDayNumber"
                    >
                      <span>
                        20
                      </span>
                    </span>
                  </button>
                  <button
                    className="rdrDay rdrDayDisabled"
                    onBlur={[Function]}
                    onFocus={[Function]}
                    onKeyDown={[Function]}
                    onKeyUp={[Function]}
                    onMouseDown={[Function]}
                    onMouseEnter={[Function]}
                    onMouseLeave={[Function]}
                    onMouseUp={[Function]}
                    onPauseCapture={[Function]}
                    style={
                      Object {
                        "color": "#3d91ff",
                      }
                    }
                    tabIndex={-1}
                    type="button"
                  >
                    <span
                      className="rdrDayNumber"
                    >
                      <span>
                        21
                      </span>
                    </span>
                  </button>
                  <button
                    className="rdrDay rdrDayDisabled"
                    onBlur={[Function]}
                    onFocus={[Function]}
                    onKeyDown={[Function]}
                    onKeyUp={[Function]}
                    onMouseDown={[Function]}
                    onMouseEnter={[Function]}
                    onMouseLeave={[Function]}
                    onMouseUp={[Function]}
                    onPauseCapture={[Function]}
                    style={
                      Object {
                        "color": "#3d91ff",
                      }
                    }
                    tabIndex={-1}
                    type="button"
                  >
                    <span
                      className="rdrDayNumber"
                    >
                      <span>
                        22
                      </span>
                    </span>
                  </button>
                  <button
                    className="rdrDay rdrDayDisabled"
                    onBlur={[Function]}
                    onFocus={[Function]}
                    onKeyDown={[Function]}
                    onKeyUp={[Function]}
                    onMouseDown={[Function]}
                    onMouseEnter={[Function]}
                    onMouseLeave={[Function]}
                    onMouseUp={[Function]}
                    onPauseCapture={[Function]}
                    style={
                      Object {
                        "color": "#3d91ff",
                      }
                    }
                    tabIndex={-1}
                    type="button"
                  >
                    <span
                      className="rdrDayNumber"
                    >
                      <span>
                        23
                      </span>
                    </span>
                  </button>
                  <button
                    className="rdrDay rdrDayDisabled"
                    onBlur={[Function]}
                    onFocus={[Function]}
                    onKeyDown={[Function]}
                    onKeyUp={[Function]}
                    onMouseDown={[Function]}
                    onMouseEnter={[Function]}
                    onMouseLeave={[Function]}
                    onMouseUp={[Function]}
                    onPauseCapture={[Function]}
                    style={
                      Object {
                        "color": "#3d91ff",
                      }
                    }
                    tabIndex={-1}
                    type="button"
                  >
                    <span
                      className="rdrDayNumber"
                    >
                      <span>
                        24
                      </span>
                    </span>
                  </button>
                  <button
                    className="rdrDay rdrDayDisabled"
                    onBlur={[Function]}
                    onFocus={[Function]}
                    onKeyDown={[Function]}
                    onKeyUp={[Function]}
                    onMouseDown={[Function]}
                    onMouseEnter={[Function]}
                    onMouseLeave={[Function]}
                    onMouseUp={[Function]}
                    onPauseCapture={[Function]}
                    style={
                      Object {
                        "color": "#3d91ff",
                      }
                    }
                    tabIndex={-1}
                    type="button"
                  >
                    <span
                      className="rdrDayNumber"
                    >
                      <span>
                        25
                      </span>
                    </span>
                  </button>
                  <button
                    className="rdrDay rdrDayDisabled rdrDayWeekend rdrDayEndOfWeek"
                    onBlur={[Function]}
                    onFocus={[Function]}
                    onKeyDown={[Function]}
                    onKeyUp={[Function]}
                    onMouseDown={[Function]}
                    onMouseEnter={[Function]}
                    onMouseLeave={[Function]}
                    onMouseUp={[Function]}
                    onPauseCapture={[Function]}
                    style={
                      Object {
                        "color": "#3d91ff",
                      }
                    }
                    tabIndex={-1}
                    type="button"
                  >
                    <span
                      className="rdrDayNumber"
                    >
                      <span>
                        26
                      </span>
                    </span>
                  </button>
                  <button
                    className="rdrDay rdrDayDisabled rdrDayWeekend rdrDayStartOfWeek"
                    onBlur={[Function]}
                    onFocus={[Function]}
                    onKeyDown={[Function]}
                    onKeyUp={[Function]}
                    onMouseDown={[Function]}
                    onMouseEnter={[Function]}
                    onMouseLeave={[Function]}
                    onMouseUp={[Function]}
                    onPauseCapture={[Function]}
                    style={
                      Object {
                        "color": "#3d91ff",
                      }
                    }
                    tabIndex={-1}
                    type="button"
                  >
                    <span
                      className="rdrDayNumber"
                    >
                      <span>
                        27
                      </span>
                    </span>
                  </button>
                  <button
                    className="rdrDay rdrDayDisabled"
                    onBlur={[Function]}
                    onFocus={[Function]}
                    onKeyDown={[Function]}
                    onKeyUp={[Function]}
                    onMouseDown={[Function]}
                    onMouseEnter={[Function]}
                    onMouseLeave={[Function]}
                    onMouseUp={[Function]}
                    onPauseCapture={[Function]}
                    style={
                      Object {
                        "color": "#3d91ff",
                      }
                    }
                    tabIndex={-1}
                    type="button"
                  >
                    <span
                      className="rdrDayNumber"
                    >
                      <span>
                        28
                      </span>
                    </span>
                  </button>
                  <button
                    className="rdrDay rdrDayDisabled"
                    onBlur={[Function]}
                    onFocus={[Function]}
                    onKeyDown={[Function]}
                    onKeyUp={[Function]}
                    onMouseDown={[Function]}
                    onMouseEnter={[Function]}
                    onMouseLeave={[Function]}
                    onMouseUp={[Function]}
                    onPauseCapture={[Function]}
                    style={
                      Object {
                        "color": "#3d91ff",
                      }
                    }
                    tabIndex={-1}
                    type="button"
                  >
                    <span
                      className="rdrDayNumber"
                    >
                      <span>
                        29
                      </span>
                    </span>
                  </button>
                  <button
                    className="rdrDay rdrDayDisabled rdrDayEndOfMonth"
                    onBlur={[Function]}
                    onFocus={[Function]}
                    onKeyDown={[Function]}
                    onKeyUp={[Function]}
                    onMouseDown={[Function]}
                    onMouseEnter={[Function]}
                    onMouseLeave={[Function]}
                    onMouseUp={[Function]}
                    onPauseCapture={[Function]}
                    style={
                      Object {
                        "color": "#3d91ff",
                      }
                    }
                    tabIndex={-1}
                    type="button"
                  >
                    <span
                      className="rdrDayNumber"
                    >
                      <span>
                        30
                      </span>
                    </span>
                  </button>
                  <button
                    className="rdrDay rdrDayPassive rdrDayDisabled"
                    onBlur={[Function]}
                    onFocus={[Function]}
                    onKeyDown={[Function]}
                    onKeyUp={[Function]}
                    onMouseDown={[Function]}
                    onMouseEnter={[Function]}
                    onMouseLeave={[Function]}
                    onMouseUp={[Function]}
                    onPauseCapture={[Function]}
                    style={
                      Object {
                        "color": "#3d91ff",
                      }
                    }
                    tabIndex={-1}
                    type="button"
                  >
                    <span
                      className="rdrDayNumber"
                    >
                      <span>
                        1
                      </span>
                    </span>
                  </button>
                  <button
                    className="rdrDay rdrDayPassive rdrDayDisabled"
                    onBlur={[Function]}
                    onFocus={[Function]}
                    onKeyDown={[Function]}
                    onKeyUp={[Function]}
                    onMouseDown={[Function]}
                    onMouseEnter={[Function]}
                    onMouseLeave={[Function]}
                    onMouseUp={[Function]}
                    onPauseCapture={[Function]}
                    style={
                      Object {
                        "color": "#3d91ff",
                      }
                    }
                    tabIndex={-1}
                    type="button"
                  >
                    <span
                      className="rdrDayNumber"
                    >
                      <span>
                        2
                      </span>
                    </span>
                  </button>
                  <button
                    className="rdrDay rdrDayPassive rdrDayDisabled rdrDayWeekend rdrDayEndOfWeek"
                    onBlur={[Function]}
                    onFocus={[Function]}
                    onKeyDown={[Function]}
                    onKeyUp={[Function]}
                    onMouseDown={[Function]}
                    onMouseEnter={[Function]}
                    onMouseLeave={[Function]}
                    onMouseUp={[Function]}
                    onPauseCapture={[Function]}
                    style={
                      Object {
                        "color": "#3d91ff",
                      }
                    }
                    tabIndex={-1}
                    type="button"
                  >
                    <span
                      className="rdrDayNumber"
                    >
                      <span>
                        3
                      </span>
                    </span>
                  </button>
                </div>
              </div>
            </div>
          </div>
        </div>
      </div>
    </div>
  </div>
</div>
`;
