// Jest Snapshot v1, https://goo.gl/fbAQLP

exports[`<ConnectedReminderSetup /> renders 1`] = `
Array [
  <div
    className="readiness-header"
>
    <div
        className="templates-header"
    >
        <div
            className="PageHeader"
        >
            <div>
                <span
                    className="title"
                >
                    EMAIL TEMPLATES
                </span>
            </div>
            <div>
                <button
                    className="action-btn btn-new-request"
                    onClick={[Function]}
                    type="button"
                >
                    CREATE NEW
                </button>
            </div>
        </div>
    </div>
</div>,
  <div
    className="no-templates list-templates"
>
    <div
        className="content"
    >
        <img
            alt=""
            src="no-document.svg"
        />
        <p>
            No Email Templates have been created
        </p>
    </div>
</div>,
  "",
  "",
]
`;
