// Jest Snapshot v1, https://goo.gl/fbAQLP

exports[`<RequestsPage> renders as expected 1`] = `
<div>
  <div
    className="side_overlay"
    onClick={[Function]}
    onKeyPress={[Function]}
    role="button"
    style={
      Object {
        "display": "none",
      }
    }
    tabIndex="0"
  />
  <div
    className="mdl-layout mdl-js-layout request-page mdl-layout--no-desktop-drawer-button"
  >
    <Connect(SideDrawer)
      selectedLink="request page"
      showDrawer="none"
    />
    <withRouter(Connect(NavBar))
      avatar="upic.svg"
      className=""
      handleHideSearchBar={[Function]}
      handleShowDrawer={[Function]}
      onNotificationToggle={[Function]}
      openSearch={false}
    />
    <Modal
      closeModal={[Function]}
      description=""
      divClass=""
      dynamicDate=""
      dynamicText=""
      innerClass=""
      modalBar={<div />}
      nextClass=""
      symbol=""
      title="New Travel Request"
      visibility="invisible"
    >
      <NewRequestForm
        closeModal={[Function]}
        creatingRequest={false}
        errors={Array []}
        handleCreateRequest={[Function]}
        loading={false}
        managers={Array []}
        user={
          Object {
            "UserInfo": Object {
              "name": "John Doe",
            },
          }
        }
      />
    </Modal>
    <div
      className="mdl-layout__content full-height"
    >
      <div
        className="mdl-grid mdl-grid--no-spacing full-height"
      >
        <div
          className="mdl-cell mdl-cell--2-col-desktop mdl-cell--hide-tablet mdl-cell--hide-phone request-page__left-side-bar "
        >
          <div
            className="sidebar "
          >
            <Connect(LeftSideBar)
              selectedLink="request page"
            />
          </div>
        </div>
        <div
          className="mdl-cell mdl-cell--9-col-desktop request-page__table-view mdl-cell--8-col-tablet mdl-cell--4-col-phone"
        >
          <div
            className="rp-requests "
          >
            <div
              className="rp-requests__header"
            >
              <RequestPanelHeader
                activeStatus="all"
                fetchRequests={[Function]}
                getRequestsWithLimit={[Function]}
                modalType={null}
                openModal={[Function]}
                openRequestsCount={1}
                pastRequestsCount={1}
                requestsLength={3}
                shouldOpen={false}
                url="?page=1"
              />
            </div>
            <div
              className="rp-table"
            >
              <WithLoading
                closeModal={[Function]}
                fetchRequestsError={null}
                isLoading={false}
                modalType={null}
                openModal={[Function]}
                requests={
                  Array [
                    Object {
                      "arrivalDate": "2018-12-11",
                      "department": "TDD",
                      "departureDate": "2018-12-09",
                      "destination": "Nairobi",
                      "gender": "Female",
                      "id": "xDh20btGz",
                      "manager": "Samuel Kubai",
                      "name": "Amarachukwu Agbo",
                      "origin": "Lagos",
                      "role": "Software Developer",
                      "status": "Open",
                      "userId": "pommyLHJmKrx76A8Slm",
                    },
                    Object {
                      "arrivalDate": "2018-12-11",
                      "department": "TDD",
                      "departureDate": "2018-12-09",
                      "destination": "Nairobi",
                      "gender": "Female",
                      "id": "xDh20btGy",
                      "manager": "Samuel Kubai",
                      "name": "Amarachukwu Agbo",
                      "origin": "Lagos",
                      "role": "Software Developer",
                      "status": "Rejected",
                      "userId": "pommyLHJmKrx76A8Slm",
                    },
                    Object {
                      "arrivalDate": "2018-12-11",
                      "department": "TDD",
                      "departureDate": "2018-12-09",
                      "destination": "Nairobi",
                      "gender": "Female",
                      "id": "xDh20btGx",
                      "manager": "Samuel Kubai",
                      "name": "Amarachukwu Agbo",
                      "origin": "Lagos",
                      "role": "Software Developer",
                      "status": "Approved",
                      "userId": "pommyLHJmKrx76A8Slm",
                    },
                  ]
                }
                shouldOpen={false}
              />
            </div>
            <div
              className="rp-pagination"
            >
              <Pagination
                currentPage={1}
                onPageChange={[Function]}
                pageCount={4}
              />
            </div>
          </div>
        </div>
        <div
          className="mdl-cell mdl-cell--3-col-desktop hide mdl-cell--hide-desktop request-page__right-side-bar mdl-cell--3-col-tablet mdl-cell--4-col-phone"
        >
          <div
            className="notification hide"
          >
            <NotificationPane
              onCloseNotificationPane={[Function]}
            />
          </div>
        </div>
      </div>
    </div>
  </div>
</div>
`;
