// Jest Snapshot v1, https://goo.gl/fbAQLP

exports[`<Date /> renders as expected 1`] = `
<div
  className="date-wrapper "
  id="_date"
>
  <DatePicker
    allowSameDay={false}
    autoComplete="off"
    calendarClassName="calendar-body"
    className=""
    dateFormat="L"
    dateFormatCalendar="MMMM YYYY"
    dayClassName={[Function]}
    disabled={false}
    disabledKeyboardNavigation={false}
    dropdownMode="scroll"
    fixedHeight={true}
    monthsShown={1}
    name=""
    nextMonthButtonLabel="Next month"
    onBlur={[Function]}
    onChange={[Function]}
    onClickOutside={[Function]}
    onFocus={[Function]}
    onKeyDown={[Function]}
    onMonthChange={[Function]}
    onSelect={[Function]}
    onYearChange={[Function]}
    openToDate={"2019-02-04T12:52:16.681Z"}
    placeholderText="MM/DD/YYYY"
    preventOpenOnFocus={false}
    previousMonthButtonLabel="Previous Month"
    readOnly={false}
    selected={null}
    shouldCloseOnSelect={true}
    showTimeSelect={false}
    showYearDropdown={false}
    timeCaption="Time"
    timeIntervals={30}
    withPortal={false}
  />
  <img
    alt="cal"
    className="calendar-icon"
    src="calendar_icon.svg"
  />
</div>
`;
