// Jest Snapshot v1, https://goo.gl/fbAQLP

exports[`<NewRequestForm /> renders correctly 1`] = `
<div>
  <form
    className="new-request"
    onSubmit={[Function]}
  >
    <fieldset
      className="personal-details null"
    >
      <legend
        style={
          Object {
            "width": "100%",
          }
        }
      >
        Personal Details
        <span
          className="required-field"
        >
          * Required Field
        </span>
        <span
          className="hide-details"
          onClick={[Function]}
          role="button"
          style={
            Object {
              "outline": "none",
            }
          }
          tabIndex={0}
        >
          <img
            alt="clicked"
            className="expand"
            src="expand_more_24px.svg"
            style={
              Object {
                "transform": "none",
              }
            }
          />
          Hide Details
        </span>
      </legend>
      <div>
        <div>
          <div
            className="input-group "
          >
            <div
              className="spaces"
            >
              <div
                className="form-input  "
              >
                <label
                  htmlFor="name"
                >
                  Your Name
                  <span
                    style={
                      Object {
                        "color": "red",
                      }
                    }
                  >
                    *
                  </span>
                  <span>
                     
                    (As it appears on your passport)
                  </span>
                </label>
                <input
                  className=" "
                  label="Your Name"
                  name="name"
                  onBlur={[Function]}
                  onChange={[Function]}
                  size="232px"
                  type="text"
                  value=""
                />
                <span
                  className="error"
                />
              </div>
            </div>
            <div
              className="spaces"
            >
              <div
                className="form-input  "
              >
                <label
                  htmlFor="gender"
                >
                  Gender
                  <span
                    style={
                      Object {
                        "color": "red",
                      }
                    }
                  >
                    *
                  </span>
                </label>
                <div
                  className="input "
                >
                  <button
                    className="bg-btn bg-btn--inactive"
                    data-value="Female"
                    key="Female"
                    name="gender"
                    onClick={[Function]}
                    type="button"
                  >
                    Female
                  </button>
                  <button
                    className="bg-btn bg-btn--inactive"
                    data-value="Male"
                    key="Male"
                    name="gender"
                    onClick={[Function]}
                    type="button"
                  >
                    Male
                  </button>
                </div>
                <span
                  className="error"
                />
              </div>
            </div>
            <div
              className="form-input  "
            >
              <label
                htmlFor="department"
              >
                Your Department
                <span
                  style={
                    Object {
                      "color": "red",
                    }
                  }
                >
                  *
                </span>
              </label>
              <div
                style={
                  Object {
                    "position": "relative",
                  }
                }
              >
                <div
                  choices={
                    Array [
                      "Talent & Development",
                      "Success",
                      "IT",
                      "Operations",
                    ]
                  }
                  className="input select  "
                  error=""
                  label="Your Department"
                  name="department"
                  onChange={[Function]}
                  onClick={[Function]}
                  onKeyPress={[Function]}
                  role="button"
                  size="232px"
                  tabIndex="0"
                  type="dropdown-select"
                  value=""
                >
                  <div
                    className="value"
                    style={
                      Object {
                        "width": "232px",
                      }
                    }
                  >
                    <div
                      className="select-dropdown inactive"
                    >
                      <img
                        alt="icn"
                        src="form_select_dropdown.svg"
                      />
                    </div>
                  </div>
                  <ul
                    className="select-menu select-menu--inactive"
                  >
                    <li
                      key="Talent & Development"
                    >
                      <div
                        onClick={[Function]}
                        onKeyPress={[Function]}
                        role="button"
                        tabIndex="0"
                      >
                        Talent & Development
                      </div>
                    </li>
                    <li
                      key="Success"
                    >
                      <div
                        onClick={[Function]}
                        onKeyPress={[Function]}
                        role="button"
                        tabIndex="0"
                      >
                        Success
                      </div>
                    </li>
                    <li
                      key="IT"
                    >
                      <div
                        onClick={[Function]}
                        onKeyPress={[Function]}
                        role="button"
                        tabIndex="0"
                      >
                        IT
                      </div>
                    </li>
                    <li
                      key="Operations"
                    >
                      <div
                        onClick={[Function]}
                        onKeyPress={[Function]}
                        role="button"
                        tabIndex="0"
                      >
                        Operations
                      </div>
                    </li>
                  </ul>
                </div>
              </div>
              <span
                className="error"
              />
            </div>
          </div>
          <div
            className="input-group "
          >
            <div
              className="spaces"
            >
              <div
                className="form-input  "
              >
                <label
                  htmlFor="role"
                >
                  Your Role
                  <span
                    style={
                      Object {
                        "color": "red",
                      }
                    }
                  >
                    *
                  </span>
                </label>
                <div
                  style={
                    Object {
                      "position": "relative",
                    }
                  }
                >
                  <div
                    choices={
                      Array [
                        "Software Developer",
                        "Technical Team Lead",
                        "Product Engineer",
                        "Product Coordinator",
                        "Travel Coordinator",
                        "Country Director",
                      ]
                    }
                    className="input select  "
                    error=""
                    label="Your Role"
                    name="role"
                    onChange={[Function]}
                    onClick={[Function]}
                    onKeyPress={[Function]}
                    role="button"
                    size="232px"
                    tabIndex="0"
                    type="dropdown-select"
                    value=""
                  >
                    <div
                      className="value"
                      style={
                        Object {
                          "width": "232px",
                        }
                      }
                    >
                      <div
                        className="select-dropdown inactive"
                      >
                        <img
                          alt="icn"
                          src="form_select_dropdown.svg"
                        />
                      </div>
                    </div>
                    <ul
                      className="select-menu select-menu--inactive"
                    >
                      <li
                        key="Software Developer"
                      >
                        <div
                          onClick={[Function]}
                          onKeyPress={[Function]}
                          role="button"
                          tabIndex="0"
                        >
                          Software Developer
                        </div>
                      </li>
                      <li
                        key="Technical Team Lead"
                      >
                        <div
                          onClick={[Function]}
                          onKeyPress={[Function]}
                          role="button"
                          tabIndex="0"
                        >
                          Technical Team Lead
                        </div>
                      </li>
                      <li
                        key="Product Engineer"
                      >
                        <div
                          onClick={[Function]}
                          onKeyPress={[Function]}
                          role="button"
                          tabIndex="0"
                        >
                          Product Engineer
                        </div>
                      </li>
                      <li
                        key="Product Coordinator"
                      >
                        <div
                          onClick={[Function]}
                          onKeyPress={[Function]}
                          role="button"
                          tabIndex="0"
                        >
                          Product Coordinator
                        </div>
                      </li>
                      <li
                        key="Travel Coordinator"
                      >
                        <div
                          onClick={[Function]}
                          onKeyPress={[Function]}
                          role="button"
                          tabIndex="0"
                        >
                          Travel Coordinator
                        </div>
                      </li>
                      <li
                        key="Country Director"
                      >
                        <div
                          onClick={[Function]}
                          onKeyPress={[Function]}
                          role="button"
                          tabIndex="0"
                        >
                          Country Director
                        </div>
                      </li>
                    </ul>
                  </div>
                </div>
                <span
                  className="error"
                />
              </div>
            </div>
            <div
              className="form-input  "
            >
              <label
                htmlFor="manager"
              >
                Your Direct Report
                <span
                  style={
                    Object {
                      "color": "red",
                    }
                  }
                >
                  *
                </span>
                <span>
                   
                  (Manager)
                </span>
              </label>
              <div
                style={
                  Object {
                    "position": "relative",
                  }
                }
              >
                <div
                  choices={
                    Array [
                      "Test User",
                    ]
                  }
                  className="input select  "
                  error=""
                  label="Your Direct Report"
                  name="manager"
                  onChange={[Function]}
                  onClick={[Function]}
                  onKeyPress={[Function]}
                  role="button"
                  size="232px"
                  tabIndex="0"
                  type="dropdown-select"
                  value=""
                >
                  <div
                    className="value"
                    style={
                      Object {
                        "width": "232px",
                      }
                    }
                  >
                    <div
                      className="select-dropdown inactive"
                    >
                      <img
                        alt="icn"
                        src="form_select_dropdown.svg"
                      />
                    </div>
                  </div>
                  <ul
                    className="select-menu select-menu--inactive"
                  >
                    <li
                      key="Test User"
                    >
                      <div
                        onClick={[Function]}
                        onKeyPress={[Function]}
                        role="button"
                        tabIndex="0"
                      >
                        Test User
                      </div>
                    </li>
                  </ul>
                </div>
              </div>
              <span
                className="error"
              />
            </div>
          </div>
          <div
            className="input-group"
          >
            <div
              className="container"
            >
              <div
                className="checkbox default"
                id="checkBox"
                onClick={[Function]}
                onKeyDown={[Function]}
                role="button"
                tabIndex="0"
              >
                <img
                  alt="clicked"
                  className="ticksvg"
                  src="tick.svg"
                />
              </div>
              <p>
                Remember my personal details
              </p>
            </div>
          </div>
        </div>
      </div>
    </fieldset>
    <fieldset
      className="travel-details"
    >
      <legend
        className="line"
        style={
          Object {
            "borderBottom": "1px solid #E4E4E4",
            "marginBottom": "6px",
          }
        }
      >
        Travel Details
      </legend>
      <div
        className="trip-align"
        onChange={[Function]}
      >
        <ul
          style={
            Object {
              "padding": "0",
            }
          }
        >
          <li>
            <input
              defaultChecked=""
              id="oneWay"
              name="selector"
              onChange={[Function]}
              type="radio"
              value="oneWay"
            />
            <label
              htmlFor="oneWay"
            >
              One Way Trip
            </label>
            <div
              className="check"
            />
          </li>
        </ul>
        <ul
          style={
            Object {
              "padding": "0",
            }
          }
        >
          <li>
            <input
              defaultChecked="defaultChecked"
              id="return"
              name="selector"
              onChange={[Function]}
              type="radio"
              value="return"
            />
            <label
              htmlFor="return"
            >
              Return Trip
            </label>
            <div
              className="check"
            />
          </li>
        </ul>
        <ul
          style={
            Object {
              "padding": "0",
            }
          }
        >
          <li>
            <input
              defaultChecked=""
              id="multi"
              name="selector"
              onChange={[Function]}
              type="radio"
              value="multi"
            />
            <label
              htmlFor="multi"
            >
              Multi City Trip
            </label>
            <div
              className="check"
            />
          </li>
        </ul>
      </div>
      <div
        id={0}
        key="0"
      >
        <div
          className="input-group"
        >
          <div
            className="rectangle"
          >
            <div
              className="style-details"
            >
              <div
                className="travel-to"
                onChange={[Function]}
              >
                <div
                  className="form-input  "
                >
                  <label
                    htmlFor="destination-0"
                  >
                    Travel to
                    <span
                      style={
                        Object {
                          "color": "red",
                        }
                      }
                    >
                      *
                    </span>
                  </label>
                  <input
                    className=" "
                    data-parentid={0}
                    label="Travel to"
                    name="destination-0"
                    onBlur={[Function]}
                    onChange={[Function]}
                    parentid={0}
                    size="232px"
                    type="text"
                  />
                  <span
                    className="error"
                  />
                </div>
                <img
                  alt="icn"
                  className="location-icon"
                  src="location.svg"
                />
              </div>
              <div
                className="travel-to"
                onChange={[Function]}
              >
                <div
                  className="form-input  "
                >
                  <label
                    htmlFor="origin-0"
                  >
                    From
                    <span
                      style={
                        Object {
                          "color": "red",
                        }
                      }
                    >
                      *
                    </span>
                  </label>
                  <input
                    className=" "
                    data-parentid={0}
                    label="From"
                    name="origin-0"
                    onBlur={[Function]}
                    onChange={[Function]}
                    parentid={0}
                    size="232px"
                    type="text"
                  />
                  <span
                    className="error"
                  />
                </div>
                <img
                  alt="icn"
                  className="location-icon"
                  src="location.svg"
                />
              </div>
              <div
                className="others-width"
                role="presentation"
              >
                <div
                  className="form-input  "
                >
                  <label
                    htmlFor="departureDate-0"
                  >
                    Depart
                    <span
                      style={
                        Object {
                          "color": "red",
                        }
                      }
                    >
                      *
                    </span>
                  </label>
                  <div
                    className="date-wrapper "
                    id="departureDate-0_date"
                  >
                    <div>
                      <div
                        className="react-datepicker-wrapper"
                      >
                        <div
                          className="react-datepicker__input-container"
                        >
                          <input
                            className=""
                            disabled={false}
                            name="departureDate-0"
                            onBlur={[Function]}
                            onChange={[Function]}
                            onClick={[Function]}
                            onFocus={[Function]}
                            onKeyDown={[Function]}
                            readOnly={false}
                            type="text"
                            value=""
                          />
                        </div>
                      </div>
                    </div>
                    <img
                      alt="cal"
                      className="calendar-icon"
                      src="calendar_icon.svg"
                    />
                  </div>
                  <span
                    className="error"
                  />
                </div>
              </div>
              <div
                className="form-input  "
              >
                <label
                  htmlFor="arrivalDate-0"
                >
                  Return
                  <span
                    style={
                      Object {
                        "color": "red",
                      }
                    }
                  >
                    *
                  </span>
                </label>
                <div
                  className="date-wrapper "
                  id="arrivalDate-0_date"
                >
                  <div>
                    <div
                      className="react-datepicker-wrapper"
                    >
                      <div
                        className="react-datepicker__input-container"
                      >
                        <input
                          className=""
                          disabled={true}
                          name="arrivalDate-0"
                          onBlur={[Function]}
                          onChange={[Function]}
                          onClick={[Function]}
                          onFocus={[Function]}
                          onKeyDown={[Function]}
                          placeholder="select depart date first"
                          readOnly={false}
                          type="text"
                          value=""
                        />
                      </div>
                    </div>
                  </div>
                  <img
                    alt="cal"
                    className="calendar-icon"
                    src="calendar_icon.svg"
                  />
                </div>
                <span
                  className="error"
                />
              </div>
            </div>
          </div>
        </div>
      </div>
    </fieldset>
    <fieldset>
      <div
        className="submit-area"
      >
        <button
          className="bg-btn bg-btn--inactive"
          onClick={[Function]}
          type="button"
        >
          Clear
        </button>
        <button
          className="bg-btn bg-btn--active"
          disabled={true}
          type="submit"
        >
          Send Request
        </button>
      </div>
    </fieldset>
  </form>
</div>
`;
