// Jest Snapshot v1, https://goo.gl/fbAQLP

exports[`<Accommodation /> should render correctly 1`] = `
<div
  className="guesthouse-details-wrapper"
>
  <Modal
    closeDeleteCommentModal={null}
    closeModal={[Function]}
    customModalStyles=""
    customOverlayStyle=""
    modalBar={<div />}
    modalContentId=""
    modalId=""
    params=""
    requestId=""
    showOverlay={true}
    title="Edit Bukoto heights"
    visibility="invisible"
    width="800px"
  >
    <NewAccommodation
      closeModal={[Function]}
      editAccommodation={[Function]}
      fetchAccommodation={[Function]}
      guestHouse={
        Object {
          "bathRooms": "4",
          "bed": Array [
            Array [
              Object {
                "bedName": "bed 1",
                "booked": false,
                "createdAt": "2018-10-07T03:17:09.969Z",
                "id": 68,
                "roomId": "dtnJtaRE7Y",
                "updatedAt": "2018-10-07T03:17:09.969Z",
              },
            ],
          ],
          "createdAt": "2018-10-05T00:07:22.276Z",
          "houseName": "Bukoto heights",
          "id": "zNnGJAJH5",
          "imageUrl": "https://www.lol.com",
          "location": "Kampala",
          "rooms": Array [
            Object {
              "bedCount": "1",
              "createdAt": "2018-10-05T00:07:22.281Z",
              "faulty": false,
              "guestHouseId": "zNnGJAJH5",
              "id": "dtnJtaRE7Y",
              "roomName": "Rwenzori",
              "roomType": "non-ensuite",
              "updatedAt": "2018-10-07T03:17:09.938Z",
            },
          ],
          "updatedAt": "2018-10-07T03:17:09.928Z",
          "userId": "-LJNzPWupJiiToLowHq9",
        }
      }
      initFetchTimelineData={[Function]}
      modalType={null}
    />
  </Modal>
  <div>
    <div
      className="guesthouse-details-wrapper--top"
    >
      <div
        className="details-wrapper-top-right"
      >
        <div
          className="back-button"
          role="presentation"
        >
          <div
            className="arrow"
          >
            <span />
            <span />
            <span />
          </div>
        </div>
        <div
          className="guest-house-name"
        >
          Bukoto heights
        </div>
        <div
          className="bed-count-label"
        >
          <div>
            <img
              alt="ic"
              src="accomodation_inactive.svg"
            />
          </div>
          <div>
            01
          </div>
        </div>
      </div>
      <div>
        <img
          alt="Edit Link"
          className="edit-icon"
          src="edit_icon.svg"
        />
        <button
          className="edit-btn"
          onClick={[Function]}
          type="button"
        >
          Edit Guest House
        </button>
      </div>
    </div>
    <div
      className="guesthouse-details-wrapper--key-details"
    >
      <GuestHouseDetailCard
        label="Available spaces"
        value="01"
      />
      <GuestHouseDetailCard
        label="No. of rooms"
        value={1}
      />
      <GuestHouseDetailCard
        label="Vacant spaces"
        value={4}
      />
      <GuestHouseDetailCard
        label="Unavailable"
        value={0}
      />
    </div>
  </div>
  <Timeline
    closeModal={[Function]}
    fetchTimelineRoomsData={[Function]}
    guestHouseId="zNnGJAJH5"
    modalType={null}
    openModal={[Function]}
    rooms={
      Array [
        Object {
          "bedCount": "1",
          "createdAt": "2018-10-05T00:07:22.281Z",
          "faulty": false,
          "guestHouseId": "zNnGJAJH5",
          "id": "dtnJtaRE7Y",
          "roomName": "Rwenzori",
          "roomType": "non-ensuite",
          "updatedAt": "2018-10-07T03:17:09.938Z",
        },
      ]
    }
    shouldOpen={false}
    updateTripRoom={[Function]}
  />
</div>
`;
