// Jest Snapshot v1, https://goo.gl/fbAQLP

exports[`<ConnectedTravelReasons /> renders appropriately 1`] = `
Array [
  <div
    className="reasons-header"
>
    <div
        className="PageHeader"
    >
        <div>
            <span
                className="title"
            >
                Travel Reasons
            </span>
        </div>
        <div>
            <button
                className="action-btn btn-new-request"
                onClick={[Function]}
                type="button"
            >
                Add Reason
            </button>
        </div>
    </div>
</div>,
  Array [
    <div
      className="list-reasons"
>
      <div
            className="table__container"
      >
            <table
                  className="mdl-data-table mdl-js-data-table readiness-table"
            >
                  <thead>
                        <tr>
                              <th
                                    className="mdl-data-table__cell--non-numeric table__head"
                              >
                                    Reason
                              </th>
                              <th
                                    className="mdl-data-table__cell--non-numeric table__head pl-sm-100d description-left"
                              >
                                    <span />
                              </th>
                              <th
                                    className="mdl-data-table__cell--non-numeric table__head pl-sm-100d description-left"
                              >
                                    Created By
                              </th>
                              <th
                                    className="mdl-data-table__cell--non-numeric table__head pl-sm-100d description-left"
                              >
                                    <span />
                              </th>
                              <th
                                    className="mdl-data-table__cell--non-numeric table__head"
                              >
                                    Created On
                              </th>
                              <th
                                    className="mdl-data-table__cell--non-numeric table__head"
                              />
                        </tr>
                  </thead>
                  <tbody
                        className="table__body"
                  >
                        <tr
                              className="table__rows"
                        >
                              <td
                                    className="mdl-data-table__cell--non-numeric table__data readiness__cell-name"
                              >
                                    Annual off-site
                              </td>
                              <td
                                    className="mdl-data-table__cell--non-numeric table__data"
                              />
                              <td
                                    className="mdl-data-table__cell--non-numeric table__data"
                              >
                                    Kevin Koech
                              </td>
                              <td
                                    className="mdl-data-table__cell--non-numeric table__data"
                              />
                              <td
                                    className="mdl-data-table__cell--non-numeric table__data"
                              >
                                    18-01-2019
                              </td>
                              <td
                                    className="mdl-data-table__cell--non-numeric table__data"
                              >
                                    <i
                                          className="fa fa-ellipsis-v on"
                                          id="toggleIcon"
                                          role="presentation"
                                    />
                              </td>
                        </tr>
                  </tbody>
            </table>
      </div>
</div>,
    <div
        className="PageHeader"
    >
        <div>
            <span
                className="title"
            >
                MANAGE TRAVEL REASONS
            </span>
        </div>
        <div>
            <button
                className="action-btn btn-new-request"
                onClick={[Function]}
                type="button"
            >
                Add Reason
            </button>
        </div>
    </div>
</div>,
  "",
  <div
    className="no-templates list-templates"
>
    <div
        className="content"
    >
        <img
            alt=""
            src="no-document.svg"
        />
        <p>
            No Travel Reasons have been created
        </p>
    </div>
</div>,
]
`;
