// Jest Snapshot v1, https://goo.gl/fbAQLP

exports[`<Modal /> renders correctly 1`] = `
<Fragment>
  <Overlay
    className="visible"
    click={null}
  >
    <div
      className="modal visible"
      id=""
      onClick={[Function]}
      onKeyPress={[Function]}
      role="button"
      style={
        Object {
          "maxWidth": "",
        }
      }
      tabIndex="0"
    >
      <div
        className="modal-title-bar"
      >
        <div
          className="modal-title-text"
        >
          <div>
            test modal
          </div>
          <div
            className="lable-text modal-bar"
          >
            <div />
          </div>
        </div>
        <Link
          replace={false}
          to="/"
        >
          <button
            className="modal-close"
            onClick={[Function]}
            type="button"
          >
            <img
              alt="close"
              src="close.svg"
            />
          </button>
        </Link>
      </div>
      <div
        className="modal-content"
        id=""
      >
        <div>
          Test content
        </div>
      </div>
    </div>
  </Overlay>
</Fragment>
`;
