// Jest Snapshot v1, https://goo.gl/fbAQLP

exports[`Test suite for Analytics Report Component should match the snapshot 1`] = `
<div
  className="analyticsReport"
>
  <TravelReadiness
    exportReadiness={[Function]}
    fetchReadiness={[Function]}
    readiness={
      Object {
        "isLoading": false,
      }
    }
    renderButton={[Function]}
    renderNotFound={[Function]}
    renderSpinner={[Function]}
  />
  <div
    className="analyticsReport__card"
  >
    <div
      className="analyticsReport__row analyticsReport__header"
    >
      <p>
        Number of Trips per Department
      </p>
      <button
        className="analyticsReport__export-button"
        id="btnExportTripsPerMonth"
        name="btnExportTripsPerMonth"
        onClick={[Function]}
        type="button"
      >
        Export
        <img
          alt="Export"
          src="save_alt_24px.svg"
        />
      </button>
    </div>
    <div
      className="analyticsReport__row analyticsReport__report-header"
    >
      <div>
        <p>
          Numbers
        </p>
      </div>
      <div>
        <p>
          Departments
        </p>
      </div>
    </div>
    <div
      className="analyticsReport__row analyticsReport__report-details"
      key="Success"
    >
      <div>
        <p>
          2
        </p>
      </div>
      <div>
        <p>
          Success
        </p>
      </div>
    </div>
    <div
      className="analyticsReport__row analyticsReport__report-details"
      key="Talent & Development"
    >
      <div>
        <p>
          3
        </p>
      </div>
      <div>
        <p>
          Talent & Development
        </p>
      </div>
    </div>
  </div>
</div>
`;
