// Jest Snapshot v1, https://goo.gl/fbAQLP

exports[`<Dashboard /> renders correctly 1`] = `
<FilterContext>
  <ContextConsumer>
    <Component />
  </ContextConsumer>
  <AnalyticsReport
    departmentTrips={
      Object {
        "loading": false,
        "report": Array [],
      }
    }
    fetchDepartmentTrips={[Function]}
    fetchReadiness={[Function]}
    readiness={
      Object {
        "isLoading": false,
      }
    }
  />
</FilterContext>
`;
