// Jest Snapshot v1, https://goo.gl/fbAQLP

exports[`<TemplatesMenu /> renders without crashing 1`] = `
<span>
  <i
    className="fa fa-ellipsis-v on"
    id="toggleIcon"
    onClick={[Function]}
    role="presentation"
  />
  <div
    className="table__menu-container "
  >
    <ul
      className="table__menu-list"
    >
      <li>
        <a
          className="table__menu-list-item top"
          href="/settings/reminders/edit/0"
          onClick={[Function]}
        >
          <span
            className="edit"
          >
            Edit
          </span>
        </a>
      </li>
      <li
        className="table__menu-list-item bottom"
        id="setItem"
        onClick={[Function]}
        role="presentation"
      >
        <span
          className="disable"
        >
          Disable
        </span>
      </li>
    </ul>
  </div>
  <div
    className="table__menu-container "
  >
    <ul
      className="table__menu-list"
    >
      <li>
        <a
          className="table__menu-list-item top"
          href="/settings/reminders/edit/0"
          onClick={[Function]}
        >
          <span
            className="edit"
          >
            Edit
          </span>
        </a>
      </li>
      <li
        className="table__menu-list-item bottom"
        id="setItem"
        onClick={[Function]}
        role="presentation"
      >
        <span
          className="disable"
        >
          Disable
        </span>
      </li>
    </ul>
  </div>
</span>
`;
