// Jest Snapshot v1, https://goo.gl/fbAQLP

exports[`<TravelDetails /> should match snapshot 1`] = `
<fieldset
  className="travel-details"
>
  <div
    className="trip-align"
    onChange={[Function]}
  >
    <RadioButton
      defaultChecked={false}
      id="oneWay"
      name="One Way Trip"
      value="oneWay"
    />
    <RadioButton
      defaultChecked={false}
      id="return"
      name="Return Trip"
      value="return"
    />
    <RadioButton
      defaultChecked={true}
      id="multi"
      name="Multi City Trip"
      value="multi"
    />
  </div>
  <div
    className="trip__detail-row"
  >
    <div
      className="trip__detail-col"
      id={0}
      key="0"
    >
      <TravelDetailsItem
        availableRooms={
          Object {
            "beds": Array [
              Object {
                "bedName": "bed 1",
                "booked": false,
                "createdAt": "2018-08-16T11:11:52.181Z",
                "id": 1,
                "roomId": "room-id-1",
                "rooms": Object {
                  "bedCount": 2,
                  "createdAt": "2018-08-16T11:11:52.181Z",
                  "faulty": false,
                  "guestHouseId": "guest-house-1",
                  "guestHouses": Object {
                    "bathRooms": 1,
                    "createdAt": "2018-08-16T11:11:52.181Z",
                    "houseName": "Mini flat-B",
                    "id": "guest-house-1",
                    "imageUrl": "https://www.dropbox.com/s/c2n63x2jamh3ndv/guesthouse2.jpg?raw=1",
                    "location": "Lagos,Nigeria",
                    "updatedAt": "2018-08-16T11:11:52.181Z",
                    "userId": "-LJV4b1QTCYewOtk5F63",
                  },
                  "id": "room-id-1",
                  "roomName": "Kwetu",
                  "roomType": "ensuited",
                  "updatedAt": "2018-08-16T11:11:52.181Z",
                },
                "updatedAt": "2018-08-16T11:11:52.181Z",
              },
              Object {
                "bedName": "bed 2",
                "booked": false,
                "createdAt": "2018-08-16T11:11:52.181Z",
                "id": 2,
                "roomId": "room-id-1",
                "rooms": Object {
                  "bedCount": 2,
                  "createdAt": "2018-08-16T11:11:52.181Z",
                  "faulty": false,
                  "guestHouseId": "guest-house-1",
                  "guestHouses": Object {
                    "bathRooms": 1,
                    "createdAt": "2018-08-16T11:11:52.181Z",
                    "houseName": "Mini flat-B",
                    "id": "guest-house-1",
                    "imageUrl": "https://www.dropbox.com/s/c2n63x2jamh3ndv/guesthouse2.jpg?raw=1",
                    "location": "Lagos,Nigeria",
                    "updatedAt": "2018-08-16T11:11:52.181Z",
                    "userId": "-LJV4b1QTCYewOtk5F63",
                  },
                  "id": "room-id-1",
                  "roomName": "Kwetu",
                  "roomType": "ensuited",
                  "updatedAt": "2018-08-16T11:11:52.181Z",
                },
                "updatedAt": "2018-08-16T11:11:52.181Z",
              },
              Object {
                "bedName": "bed 1",
                "booked": false,
                "createdAt": "2018-08-16T11:11:52.181Z",
                "id": 3,
                "roomId": "room-id-2",
                "rooms": Object {
                  "bedCount": 3,
                  "createdAt": "2018-08-16T11:11:52.181Z",
                  "faulty": false,
                  "guestHouseId": "guest-house-1",
                  "guestHouses": Object {
                    "bathRooms": 1,
                    "createdAt": "2018-08-16T11:11:52.181Z",
                    "houseName": "Mini flat-B",
                    "id": "guest-house-1",
                    "imageUrl": "https://www.dropbox.com/s/c2n63x2jamh3ndv/guesthouse2.jpg?raw=1",
                    "location": "Lagos,Nigeria",
                    "updatedAt": "2018-08-16T11:11:52.181Z",
                    "userId": "-LJV4b1QTCYewOtk5F63",
                  },
                  "id": "room-id-2",
                  "roomName": "Menengai",
                  "roomType": "ensuited",
                  "updatedAt": "2018-08-16T11:11:52.181Z",
                },
                "updatedAt": "2018-08-16T11:11:52.181Z",
              },
              Object {
                "bedName": "bed 2",
                "booked": false,
                "createdAt": "2018-08-16T11:11:52.181Z",
                "id": 4,
                "roomId": "room-id-2",
                "rooms": Object {
                  "bedCount": 3,
                  "createdAt": "2018-08-16T11:11:52.181Z",
                  "faulty": false,
                  "guestHouseId": "guest-house-1",
                  "guestHouses": Object {
                    "bathRooms": 1,
                    "createdAt": "2018-08-16T11:11:52.181Z",
                    "houseName": "Mini flat-B",
                    "id": "guest-house-1",
                    "imageUrl": "https://www.dropbox.com/s/c2n63x2jamh3ndv/guesthouse2.jpg?raw=1",
                    "location": "Lagos,Nigeria",
                    "updatedAt": "2018-08-16T11:11:52.181Z",
                    "userId": "-LJV4b1QTCYewOtk5F63",
                  },
                  "id": "room-id-2",
                  "roomName": "Menengai",
                  "roomType": "ensuited",
                  "updatedAt": "2018-08-16T11:11:52.181Z",
                },
                "updatedAt": "2018-08-16T11:11:52.181Z",
              },
              Object {
                "bedName": "bed 3",
                "booked": false,
                "createdAt": "2018-08-16T11:11:52.181Z",
                "id": 5,
                "roomId": "room-id-2",
                "rooms": Object {
                  "bedCount": 3,
                  "createdAt": "2018-08-16T11:11:52.181Z",
                  "faulty": false,
                  "guestHouseId": "guest-house-1",
                  "guestHouses": Object {
                    "bathRooms": 1,
                    "createdAt": "2018-08-16T11:11:52.181Z",
                    "houseName": "Mini flat-B",
                    "id": "guest-house-1",
                    "imageUrl": "https://www.dropbox.com/s/c2n63x2jamh3ndv/guesthouse2.jpg?raw=1",
                    "location": "Lagos,Nigeria",
                    "updatedAt": "2018-08-16T11:11:52.181Z",
                    "userId": "-LJV4b1QTCYewOtk5F63",
                  },
                  "id": "room-id-2",
                  "roomName": "Menengai",
                  "roomType": "ensuited",
                  "updatedAt": "2018-08-16T11:11:52.181Z",
                },
                "updatedAt": "2018-08-16T11:11:52.181Z",
              },
            ],
          }
        }
        customPropsForArrival={[Function]}
        customPropsForDeparture={[Function]}
        fetchRoomsOnFocus={[Function]}
        handleDate={[Function]}
        handlePickBed={[Function]}
        handleReason={[Function]}
        itemId={0}
        listTravelReasons={
          Object {
            "travelReasons": Array [
              Object {
                "id": 1,
                "title": "Bootcamp",
              },
            ],
          }
        }
        modalType="edit request"
        onChangeInput={[Function]}
        parentIds={1}
        removeTrip={[Function]}
        renderInput={[Function]}
        requestOnEdit={
          Object {
            "createdAt": "2018-12-24T18:04:30.487Z",
            "deletedAt": null,
            "department": "Talent & Development",
            "gender": "Male",
            "id": "KOhl6UY8y",
            "manager": "William Sserubiri",
            "name": "william",
            "picture": "https://lh6.googleusercontent.com/-JznmEmIIMek/AAAAAAAAAAI/AAAAAAAAAAc/KBISMb5Pa1E/photo.jpg?sz=50",
            "role": "CEO",
            "selection": "multi",
            "status": "Open",
            "travelCompletion": "0% complete",
            "tripType": "multi",
            "trips": Array [],
            "updatedAt": "2018-12-25T18:04:30.487Z",
            "userId": "-LOYLrl_4orw7UDhj6mo",
            "value": "232px",
          }
        }
        selection="multi"
        values={
          Object {
            "arrivalDate-1": "2019-10-29T21:00:00.000Z",
            "bed-1": 1,
            "departureDate-1": "2019-10-19T21:00:00.000Z",
            "destination-1": "Lagos",
            "gender": "Male",
          }
        }
      />
    </div>
  </div>
  <AddInputRowButton
    addRowHandler={[Function]}
    buttonClassName="another-trip"
    text="Add another trip"
    wrapperClassName="add-multi-trip-area"
  />
</fieldset>
`;
