// Jest Snapshot v1, https://goo.gl/fbAQLP

exports[`<ProfileForm /> renders correctly 1`] = `
<form
  className="new-profile"
  onSubmit={[Function]}
>
  <fieldset
    className="personal-details"
  >
    <div
      className="legend"
    >
      <span
        className="personal-details-text"
      >
        Personal Details
      </span>
      <span
        className="required-field"
      >
        * Required Field
      </span>
    </div>
    <div
      className="input-group profile-input"
    >
      <div>
        <div
          className="form-input  "
        >
          <label
            htmlFor="name"
          >
            Name
            <span
              style={
                Object {
                  "color": "red",
                }
              }
            >
               * 
            </span>
          </label>
          <input
            autoComplete="off"
            className=" "
            disabled={true}
            label="Name"
            name="name"
            onBlur={[Function]}
            onChange={[Function]}
            type="text"
            value=""
          />
          <span
            className="error"
          />
        </div>
      </div>
      <div
        className="form-input  "
      >
        <label
          htmlFor="gender"
        >
          Gender
          <span
            style={
              Object {
                "color": "red",
              }
            }
          >
             * 
          </span>
        </label>
        <div
          className="input "
        >
          <button
            className="bg-btn bg-btn--inactive"
            data-value="Female"
            key="Female"
            name="gender"
            onClick={[Function]}
            type="button"
          >
            Female
          </button>
          <button
            className="bg-btn bg-btn--inactive"
            data-value="Male"
            key="Male"
            name="gender"
            onClick={[Function]}
            type="button"
          >
            Male
          </button>
        </div>
        <span
          className="error"
        />
      </div>
      <div>
        <div
          className="form-input  "
        >
          <label
            htmlFor="role"
          >
            Role
            <span
              style={
                Object {
                  "color": "red",
                }
              }
            >
               * 
            </span>
          </label>
          <input
            autoComplete="off"
            className=" "
            disabled={true}
            label="Role"
            name="role"
            onBlur={[Function]}
            onChange={[Function]}
            type="text"
            value=""
          />
          <span
            className="error"
          />
        </div>
      </div>
      <div>
        <div
          className="form-input  "
        >
          <label
            htmlFor="department"
          >
            Department
            <span
              style={
                Object {
                  "color": "red",
                }
              }
            >
               * 
            </span>
          </label>
          <input
            autoComplete="off"
            className=" "
            disabled={true}
            label="Department"
            name="department"
            onBlur={[Function]}
            onChange={[Function]}
            type="text"
            value=""
          />
          <span
            className="error"
          />
        </div>
      </div>
      <div
        className="form-input profile_dropdown no-disable "
      >
        <label
          htmlFor="manager"
        >
          Line Manager
          <span
            style={
              Object {
                "color": "red",
              }
            }
          >
             * 
          </span>
        </label>
        <div
          style={
            Object {
              "position": "relative",
            }
          }
        >
          <div
            className="value"
            style={
              Object {
                "width": "",
              }
            }
          >
            <input
              autoComplete="off"
              choices={
                Array [
                  "Test User",
                ]
              }
              className="occupationInput"
              label="Line Manager"
              name="role"
              onChange={[Function]}
              size=""
              type="text"
              value=""
            />
          </div>
        </div>
        <span
          className="error"
        />
      </div>
      <div
        className="form-input profile_dropdown no-disable "
      >
        <label
          htmlFor="location"
        >
          Location
          <span
            style={
              Object {
                "color": "red",
              }
            }
          >
             * 
          </span>
        </label>
        <div
          style={
            Object {
              "position": "relative",
            }
          }
        >
          <div
            autoComplete="off"
            choices={
              Array [
                "Lagos",
                "Nairobi",
                "Kigali",
                "New York",
                "Kampala",
                "San Francisco",
                "Austin",
              ]
            }
            className="input select  profile_dropdown no-disable"
            error=""
            label="Location"
            name="location"
            onChange={[Function]}
            onClick={[Function]}
            onKeyPress={[Function]}
            role="button"
            size=""
            tabIndex="0"
            type="dropdown-select"
            value=""
          >
            <div
              className="value"
              style={
                Object {
                  "width": "",
                }
              }
            >
               
              <div
                className="select-dropdown inactive"
              >
                <img
                  alt="icn"
                  src="form_select_dropdown.svg"
                />
              </div>
            </div>
            <ul
              className="select-menu select-menu--inactive"
              onScroll={[Function]}
            >
              <li
                id="choice"
                key="Lagos"
              >
                <div
                  id="choice"
                  onClick={[Function]}
                  onKeyPress={[Function]}
                  role="button"
                  tabIndex="0"
                >
                  Lagos
                </div>
              </li>
              <li
                id="choice"
                key="Nairobi"
              >
                <div
                  id="choice"
                  onClick={[Function]}
                  onKeyPress={[Function]}
                  role="button"
                  tabIndex="0"
                >
                  Nairobi
                </div>
              </li>
              <li
                id="choice"
                key="Kigali"
              >
                <div
                  id="choice"
                  onClick={[Function]}
                  onKeyPress={[Function]}
                  role="button"
                  tabIndex="0"
                >
                  Kigali
                </div>
              </li>
              <li
                id="choice"
                key="New York"
              >
                <div
                  id="choice"
                  onClick={[Function]}
                  onKeyPress={[Function]}
                  role="button"
                  tabIndex="0"
                >
                  New York
                </div>
              </li>
              <li
                id="choice"
                key="Kampala"
              >
                <div
                  id="choice"
                  onClick={[Function]}
                  onKeyPress={[Function]}
                  role="button"
                  tabIndex="0"
                >
                  Kampala
                </div>
              </li>
              <li
                id="choice"
                key="San Francisco"
              >
                <div
                  id="choice"
                  onClick={[Function]}
                  onKeyPress={[Function]}
                  role="button"
                  tabIndex="0"
                >
                  San Francisco
                </div>
              </li>
              <li
                id="choice"
                key="Austin"
              >
                <div
                  id="choice"
                  onClick={[Function]}
                  onKeyPress={[Function]}
                  role="button"
                  tabIndex="0"
                >
                  Austin
                </div>
              </li>
            </ul>
          </div>
        </div>
        <span
          className="error"
        />
      </div>
    </div>
  </fieldset>
  <div
    className="submit-area"
  >
    <button
      className="profile-bg-btn bg-btn bg-btn--inactive"
      disabled={true}
      type="submit"
    >
      Save Changes
    </button>
  </div>
</form>
`;
