// Jest Snapshot v1, https://goo.gl/fbAQLP

exports[`should render request header correctly 1`] = `
<div
  className="request-panel-header"
>
  <div
    className="PageHeader"
  >
    <div>
      <span
        className="title"
      >
        REQUESTS
      </span>
    </div>
    <div>
      <button
        className="action-btn btn-new-request"
        onClick={[Function]}
        type="button"
      >
        New Request
      </button>
    </div>
  </div>
</div>
`;
