// Jest Snapshot v1, https://goo.gl/fbAQLP

exports[`<LeftSideNavItems /> renders correctly 1`] = `
<ul>
  <undefined />
  <li
    className="left-side-nav-item inactive"
  >
    <a
      aria-current={null}
      className="nav-link"
      href="/settings"
      onClick={[Function]}
      onKeyPress={[Function]}
      role="button"
      tabIndex="0"
    >
      <div
        className="left-side-nav-item__left-icon"
      >
        <img
          alt="icon"
          src="test.svg"
        />
      </div>
      <div
        className="left-side-nav-item__nav-text"
      >
        Settings
      </div>
    </a>
  </li>
  <a
    className="side-drawer__logout-text"
    href="/"
  >
    <i
      className="material-icons logout-sym"
    >
      power_settings_new
    </i>
    <span>
      Logout
    </span>
  </a>
</ul>
`;
