// Jest Snapshot v1, https://goo.gl/fbAQLP

exports[`<LeftSideNavItems /> renders correctly 1`] = `
<ul>
  <undefined />
  <undefined />
  <a
    className="side-drawer__logout-text"
    href="/"
    id="signoutLink"
    onClick={[Function]}
  >
    <i
      className="material-icons logout-sym"
    >
      power_settings_new
    </i>
    <span>
      Logout
    </span>
  </a>
</ul>
`;
